// Jest Snapshot v1, https://goo.gl/fbAQLP

exports[`renders offers 1`] = `
<div>
  <div
    class="sc-e5c0085b-0 hatemx"
  >
    <h4
      class="sc-2764c71a-0 sc-7df95e90-0 hiTdJi bKfnkt"
    >
      Confira seu plano:
    </h4>
    <span
      class="sc-2764c71a-1 sc-2764c71a-3 sc-7df95e90-2 gsTYYO dCDPex kxgKuG"
    >
      fulano@cicrano.com.br
    </span>
    <ul />
    <div
      class="sc-2764c71a-1 sc-2764c71a-3 sc-7df95e90-9 gsTYYO dCDPex hrZCZB"
    >
      Sobre a cobran√ßa
      <div
        class="sc-7df95e90-10 gsKZbp"
      >
        <span
          style="box-sizing: border-box; display: inline-block; overflow: hidden; background: none; opacity: 1; border: 0px; margin: 0px; padding: 0px; position: relative; max-width: 100%;"
        >
          <span
            style="box-sizing: border-box; display: block; background: none; opacity: 1; border: 0px; margin: 0px; padding: 0px; max-width: 100%;"
          >
            <img
              alt=""
              aria-hidden="true"
              src="data:image/svg+xml,%3csvg%20xmlns=%27http://www.w3.org/2000/svg%27%20version=%271.1%27%20width=%2724%27%20height=%2724%27/%3e"
              style="display: block; max-width: 100%; background: none; opacity: 1; border: 0px; margin: 0px; padding: 0px;"
            />
          </span>
          <img
            alt="Ajuda"
            data-nimg="intrinsic"
            decoding="async"
            src="data:image/gif;base64,R0lGODlhAQABAIAAAAAAAP///yH5BAEAAAAALAAAAAABAAEAAAIBRAA7"
            style="position: absolute; top: 0px; left: 0px; bottom: 0px; right: 0px; box-sizing: border-box; padding: 0px; margin: auto; display: block; width: 0px; height: 0px; min-width: 100%; max-width: 100%; min-height: 100%; max-height: 100%;"
          />
          <noscript />
        </span>
      </div>
    </div>
  </div>
</div>
`;
